// Jest Snapshot v1, https://goo.gl/fbAQLP

exports[`IconButton matches snapshot 1`] = `
<div>
  <button
    class="focus:outline-none rounded-full p-1 min-h-full min-w-full uppercase inline-flex items-center justify-center transition ease-in duration-200 text-center focus:outline-none disabled:cursor-not-allowed disabled:bg-neutral-300 disabled:text-white hover:bg-gray-400/20 focus:ring-gray-500/50 dark:active:bg-gray-300/20 dark:hover:bg-gray-500/20 dark:focus:ring-gray-500/50 dark:active:bg-gray-300/20 h-10 w-10 text-current"
  >
    <svg
      aria-hidden="true"
      class="shrink-0 fill-current w-6 h-6"
      viewBox="0 0 24 24"
    >
      <path
        d="M6 18L18 6M6 6l12 12"
        stroke-linecap="round"
        stroke-linejoin="round"
      />
    </svg>
  </button>
</div>
`;
